<div class="test" id="test"><span id="data">data</span><div>testing</div></div>