<div class="test" id="test"><span id="data">data</span><div>testing 2</div></div>
