<div id="test">file <code>test/fixtures/pugDynamicData.pug</code> compiled into <code>tmp/pugDynamicData.html</code></div>
