<html><head><title>TEST</title></head><body></body></html><p>hello pug test</p>